// Jest Snapshot v1, https://goo.gl/fbAQLP

exports[`<Text /> rendering mathces the snapshot 1`] = `
<Text>
  <span />
</Text>
`;
