// Jest Snapshot v1, https://goo.gl/fbAQLP

exports[`<Img /> rendering mathces the snapshot 1`] = `<img />`;
