// Jest Snapshot v1, https://goo.gl/fbAQLP

exports[`<Button /> rendering mathces the snapshot 1`] = `
<Button>
  <Styled(button)>
    <button
      className="css-dwyr59 e1hsd3xl1"
    />
  </Styled(button)>
</Button>
`;
